Unable to resolve imports:
      "lib/solmate/src/tokens/ERC1155.sol" in "/home/manoel/projeto/hevm/src/mocks/Mocks.sol"
      "lib/solmate/src/tokens/ERC20.sol" in "/home/manoel/projeto/hevm/src/mocks/Mocks.sol"
      "lib/solmate/src/tokens/ERC4626.sol" in "/home/manoel/projeto/hevm/src/mocks/Mocks.sol"
      "lib/openzeppelin-contracts/contracts/mocks/token/ERC4626Mock.sol" in "/home/manoel/projeto/hevm/src/mocks/Mocks.sol"
      "lib/openzeppelin-contracts/contracts/mocks/token/ERC20Mock.sol" in "/home/manoel/projeto/hevm/src/mocks/Mocks.sol"
      "lib/openzeppelin-contracts/contracts/token/ERC721/ERC721.sol" in "/home/manoel/projeto/hevm/src/mocks/Mocks.sol"
      "lib/solmate/src/tokens/ERC721.sol" in "/home/manoel/projeto/hevm/src/mocks/Mocks.sol"
      "lib/openzeppelin-contracts/contracts/token/ERC1155/ERC1155.sol" in "/home/manoel/projeto/hevm/src/mocks/Mocks.sol"
with remappings:
      @openzeppelin/contracts/=/home/manoel/projeto/hevm/lib/openzeppelin-contracts/contracts/
      ds-test/=/home/manoel/projeto/hevm/lib/solmate/lib/ds-test/src/
      erc4626-tests/=/home/manoel/projeto/hevm/lib/openzeppelin-contracts/lib/erc4626-tests/
      forge-std/=/home/manoel/projeto/hevm/lib/forge-std/src/
      halmos-cheatcodes/=/home/manoel/projeto/hevm/lib/openzeppelin-contracts/lib/halmos-cheatcodes/src/
      openzeppelin-contracts/=/home/manoel/projeto/hevm/lib/openzeppelin-contracts/contracts/
      solmate/=/home/manoel/projeto/hevm/lib/solmate/src/
Compiling 67 files with Solc 0.8.30
Solc 0.8.30 finished in 1.91s
Compiler run successful!

Running 44 tests for 
test/halmos/subjects/ERC4626_OpenZeppelin_Halmos.t.sol:ERC4626_OpenZeppelin_Halm
os
WARNING  unknown deployed bytecode:                                             
         0x608060405234801561000f575f5ffd5b50600436106100a7575f3560e01c806340c10
         f191161006f57806340c10f191461016557806370a082311461018157806395d89b4114
         6101b15780639dc29fac146101cf578063a9059cbb146101eb578063dd62ed3e1461021
         b576100a7565b806306fdde03146100ab578063095ea7b3146100c957806318160ddd14
         6100f957806323b872dd14610117578063313ce56714610147575b5f5ffd5b6100b3610
         24b565b6040516100c09190610bc3565b60405180910390f35b6100e360048036038101
         906100de9190610c74565b6102db565b6040516100f09190610ccc565b6040518091039
         0f35b6101016102fd565b60405161010e9190610cf4565b60405180910390f35b610131
         600480360381019061012c9190610d0d565b610306565b60405161013e9190610ccc565
         b60405180910390f35b61014f610334565b60405161015c9190610d78565b6040518091
         0390f35b61017f600480360381019061017a9190610c74565b61033c565b005b61019b6
         0048036038101906101969190610d91565b61034a565b6040516101a89190610cf4565b
         60405180910390f35b6101b961038f565b6040516101c69190610bc3565b60405180910
         390f35b6101e960048036038101906101e49190610c74565b61041f565b005b61020560
         048036038101906102009190610c74565b61042d565b6040516102129190610ccc565b6
         0405180910390f35b61023560048036038101906102309190610dbc565b61044f565b60
         40516102429190610cf4565b60405180910390f35b60606003805461025a90610e27565
         b80601f0160208091040260200160405190810160405280929190818152602001828054
         61028690610e27565b80156102d15780601f106102a8576101008083540402835291602
         001916102d1565b820191905f5260205f20905b81548152906001019060200180831161
         02b457829003601f168201915b5050505050905090565b5f5f6102e56104d1565b90506
         102f28185856104d8565b600191505092915050565b5f600254905090565b5f5f610310
         6104d1565b905061031d8582856104ea565b61032885858561057d565b6001915050939
         2505050565b5f6012905090565b610346828261066d565b5050565b5f5f5f8373ffffff
         ffffffffffffffffffffffffffffffffff1673fffffffffffffffffffffffffffffffff
         fffffff1681526020019081526020015f20549050919050565b60606004805461039e90
         610e27565b80601f0160208091040260200160405190810160405280929190818152602
         0018280546103ca90610e27565b80156104155780601f106103ec576101008083540402
         83529160200191610415565b820191905f5260205f20905b81548152906001019060200
         18083116103f857829003601f168201915b5050505050905090565b61042982826106ec
         565b5050565b5f5f6104376104d1565b905061044481858561057d565b6001915050929
         15050565b5f60015f8473ffffffffffffffffffffffffffffffffffffffff1673ffffff
         ffffffffffffffffffffffffffffffffff1681526020019081526020015f205f8373fff
         fffffffffffffffffffffffffffffffffffff1673ffffffffffffffffffffffffffffff
         ffffffffff1681526020019081526020015f2054905092915050565b5f33905090565b6
         104e5838383600161076b565b505050565b5f6104f5848461044f565b90507fffffffff
         ffffffffffffffffffffffffffffffffffffffffffffffffffffffff811015610577578
         1811015610568578281836040517ffb8f41b20000000000000000000000000000000000
         0000000000000000000000815260040161055f93929190610e66565b60405180910390f
         d5b61057684848484035f61076b565b5b50505050565b5f73ffffffffffffffffffffff
         ffffffffffffffffff168373ffffffffffffffffffffffffffffffffffffffff1603610
         5ed575f6040517f96c6fd1e000000000000000000000000000000000000000000000000
         0000000081526004016105e49190610e9b565b60405180910390fd5b5f73fffffffffff
         fffffffffffffffffffffffffffff168273ffffffffffffffffffffffffffffffffffff
         ffff160361065d575f6040517fec442f050000000000000000000000000000000000000
         000000000000000000081526004016106549190610e9b565b60405180910390fd5b6106
         6883838361093a565b505050565b5f73fffffffffffffffffffffffffffffffffffffff
         f168273ffffffffffffffffffffffffffffffffffffffff16036106dd575f6040517fec
         442f0500000000000000000000000000000000000000000000000000000000815260040
         16106d49190610e9b565b60405180910390fd5b6106e85f838361093a565b5050565b5f
         73ffffffffffffffffffffffffffffffffffffffff168273fffffffffffffffffffffff
         fffffffffffffffff160361075c575f6040517f96c6fd1e000000000000000000000000
         0000000000000000000000000000000081526004016107539190610e9b565b604051809
         10390fd5b610767825f8361093a565b5050565b5f73ffffffffffffffffffffffffffff
         ffffffffffff168473ffffffffffffffffffffffffffffffffffffffff16036107db575
         f6040517fe602df05000000000000000000000000000000000000000000000000000000
         0081526004016107d29190610e9b565b60405180910390fd5b5f73fffffffffffffffff
         fffffffffffffffffffffff168373ffffffffffffffffffffffffffffffffffffffff16
         0361084b575f6040517f94280d620000000000000000000000000000000000000000000
         000000000000081526004016108429190610e9b565b60405180910390fd5b8160015f86
         73ffffffffffffffffffffffffffffffffffffffff1673fffffffffffffffffffffffff
         fffffffffffffff1681526020019081526020015f205f8573ffffffffffffffffffffff
         ffffffffffffffffff1673ffffffffffffffffffffffffffffffffffffffff168152602
         0019081526020015f20819055508015610934578273ffffffffffffffffffffffffffff
         ffffffffffff168473ffffffffffffffffffffffffffffffffffffffff167f8c5be1e5e
         bec7d5bd14f71427d1e84f3dd0314c0f7b2291e5b200ac8c7c3b9258460405161092b91
         90610cf4565b60405180910390a35b50505050565b5f73fffffffffffffffffffffffff
         fffffffffffffff168373ffffffffffffffffffffffffffffffffffffffff160361098a
         578060025f82825461097e9190610ee1565b92505081905550610a58565b5f5f5f8573f
         fffffffffffffffffffffffffffffffffffffff1673ffffffffffffffffffffffffffff
         ffffffffffff1681526020019081526020015f2054905081811015610a1357838183604
         0517fe450d38c0000000000000000000000000000000000000000000000000000000081
         52600401610a0a93929190610e66565b60405180910390fd5b8181035f5f8673fffffff
         fffffffffffffffffffffffffffffffff1673ffffffffffffffffffffffffffffffffff
         ffffff1681526020019081526020015f2081905550505b5f73fffffffffffffffffffff
         fffffffffffffffffff168273ffffffffffffffffffffffffffffffffffffffff160361
         0a9f578060025f8282540392505081905550610ae9565b805f5f8473fffffffffffffff
         fffffffffffffffffffffffff1673ffffffffffffffffffffffffffffffffffffffff16
         81526020019081526020015f205f82825401925050819055505b8173fffffffffffffff
         fffffffffffffffffffffffff168373ffffffffffffffffffffffffffffffffffffffff
         167fddf252ad1be2c89b69c2b068fc378daa952ba7f163c4a11628f55a4df523b3ef836
         04051610b469190610cf4565b60405180910390a3505050565b5f81519050919050565b
         5f82825260208201905092915050565b8281835e5f83830152505050565b5f601f19601
         f8301169050919050565b5f610b9582610b53565b610b9f8185610b5d565b9350610baf
         818560208601610b6d565b610bb881610b7b565b840191505092915050565b5f6020820
         190508181035f830152610bdb8184610b8b565b905092915050565b5f5ffd5b5f73ffff
         ffffffffffffffffffffffffffffffffffff82169050919050565b5f610c1082610be75
         65b9050919050565b610c2081610c06565b8114610c2a575f5ffd5b50565b5f81359050
         610c3b81610c17565b92915050565b5f819050919050565b610c5381610c41565b81146
         10c5d575f5ffd5b50565b5f81359050610c6e81610c4a565b92915050565b5f5f604083
         85031215610c8a57610c89610be3565b5b5f610c9785828601610c2d565b92505060206
         10ca885828601610c60565b9150509250929050565b5f8115159050919050565b610cc6
         81610cb2565b82525050565b5f602082019050610cdf5f830184610cbd565b929150505
         65b610cee81610c41565b82525050565b5f602082019050610d075f830184610ce5565b
         92915050565b5f5f5f60608486031215610d2457610d23610be3565b5b5f610d3186828
         701610c2d565b9350506020610d4286828701610c2d565b9250506040610d5386828701
         610c60565b9150509250925092565b5f60ff82169050919050565b610d7281610d5d565
         b82525050565b5f602082019050610d8b5f830184610d69565b92915050565b5f602082
         84031215610da657610da5610be3565b5b5f610db384828501610c2d565b91505092915
         050565b5f5f60408385031215610dd257610dd1610be3565b5b5f610ddf85828601610c
         2d565b9250506020610df085828601610c2d565b9150509250929050565b7f4e487b710
         00000000000000000000000000000000000000000000000000000005f52602260045260
         245ffd5b5f6002820490506001821680610e3e57607f821691505b602082108103610e5
         157610e50610dfa565b5b50919050565b610e6081610c06565b82525050565b5f606082
         019050610e795f830186610e57565b610e866020830185610ce5565b610e93604083018
         4610ce5565b949350505050565b5f602082019050610eae5f830184610e57565b929150
         50565b7f4e487b710000000000000000000000000000000000000000000000000000000
         05f52601160045260245ffd5b5f610eeb82610c41565b9150610ef683610c41565b9250
         828201905080821115610f0e57610f0d610eb4565b5b9291505056fea26469706673582
         212201c344eb79f19ebb439144f758b366ab49e9fcb7f90b59b4c0f72b8adebe9fa5064
         736f6c634300081e0033                                                   
WARNING  unknown deployed bytecode:                                             
         0x608060405234801561000f575f5ffd5b50600436106101a7575f3560e01c806370a08
         231116100f7578063ba08765211610095578063ce96cb771161006f578063ce96cb7714
         610567578063d905777e14610597578063dd62ed3e146105c7578063ef8b30f7146105f
         7576101a7565b8063ba087652146104d7578063c63d75b614610507578063c6e6f59214
         610537576101a7565b80639dc29fac116100d15780639dc29fac1461042b578063a9059
         cbb14610447578063b3d7f6b914610477578063b460af94146104a7576101a7565b8063
         70a08231146103ad57806394bf804d146103dd57806395d89b411461040d576101a7565
         b806323b872dd11610164578063402d267d1161013e578063402d267d14610301578063
         40c10f19146103315780634cdad5061461034d5780636e553f651461037d576101a7565
         b806323b872dd14610295578063313ce567146102c557806338d52e0f146102e3576101
         a7565b806301e1d114146101ab57806306fdde03146101c957806307a2d13a146101e75
         78063095ea7b3146102175780630a28a4771461024757806318160ddd14610277575b5f
         5ffd5b6101b3610627565b6040516101c09190611875565b60405180910390f35b6101d
         16106ac565b6040516101de91906118fe565b60405180910390f35b6102016004803603
         8101906101fc919061194c565b61073c565b60405161020e9190611875565b604051809
         10390f35b610231600480360381019061022c91906119d1565b61074e565b6040516102
         3e9190611a29565b60405180910390f35b610261600480360381019061025c919061194
         c565b610770565b60405161026e9190611875565b60405180910390f35b61027f610783
         565b60405161028c9190611875565b60405180910390f35b6102af60048036038101906
         102aa9190611a42565b61078c565b6040516102bc9190611a29565b60405180910390f3
         5b6102cd6107ba565b6040516102da9190611aad565b60405180910390f35b6102eb610
         7f3565b6040516102f89190611ad5565b60405180910390f35b61031b60048036038101
         906103169190611aee565b61081a565b6040516103289190611875565b6040518091039
         0f35b61034b600480360381019061034691906119d1565b610843565b005b6103676004
         803603810190610362919061194c565b610851565b6040516103749190611875565b604
         05180910390f35b61039760048036038101906103929190611b19565b610863565b6040
         516103a49190611875565b60405180910390f35b6103c760048036038101906103c2919
         0611aee565b6108e3565b6040516103d49190611875565b60405180910390f35b6103f7
         60048036038101906103f29190611b19565b610928565b6040516104049190611875565
         b60405180910390f35b6104156109a8565b60405161042291906118fe565b6040518091
         0390f35b610445600480360381019061044091906119d1565b610a38565b005b6104616
         00480360381019061045c91906119d1565b610a46565b60405161046e9190611a29565b
         60405180910390f35b610491600480360381019061048c919061194c565b610a68565b6
         0405161049e9190611875565b60405180910390f35b6104c160048036038101906104bc
         9190611b57565b610a7b565b6040516104ce9190611875565b60405180910390f35b610
         4f160048036038101906104ec9190611b57565b610afd565b6040516104fe9190611875
         565b60405180910390f35b610521600480360381019061051c9190611aee565b610b7f5
         65b60405161052e9190611875565b60405180910390f35b610551600480360381019061
         054c919061194c565b610ba8565b60405161055e9190611875565b60405180910390f35
         b610581600480360381019061057c9190611aee565b610bba565b60405161058e919061
         1875565b60405180910390f35b6105b160048036038101906105ac9190611aee565b610
         bd3565b6040516105be9190611875565b60405180910390f35b6105e160048036038101
         906105dc9190611ba7565b610be4565b6040516105ee9190611875565b6040518091039
         0f35b610611600480360381019061060c919061194c565b610c66565b60405161061e91
         90611875565b60405180910390f35b5f6106306107f3565b73fffffffffffffffffffff
         fffffffffffffffffff166370a08231306040518263ffffffff1660e01b815260040161
         06689190611ad5565b602060405180830381865afa158015610683573d5f5f3e3d5ffd5
         b505050506040513d601f19601f820116820180604052508101906106a79190611bf956
         5b905090565b6060600380546106bb90611c51565b80601f01602080910402602001604
         051908101604052809291908181526020018280546106e790611c51565b801561073257
         80601f1061070957610100808354040283529160200191610732565b820191905f52602
         05f20905b81548152906001019060200180831161071557829003601f168201915b5050
         505050905090565b5f610747825f610c78565b9050919050565b5f5f610758610cd0565
         b9050610765818585610cd7565b600191505092915050565b5f61077c826001610ce956
         5b9050919050565b5f600254905090565b5f5f610796610cd0565b90506107a38582856
         10d41565b6107ae858585610dd4565b60019150509392505050565b5f6107c3610ec456
         5b7f0000000000000000000000000000000000000000000000000000000000000012610
         7ee9190611cae565b905090565b5f7f0000000000000000000000000000000000000000
         0000000000000000aaaa0002905090565b5f7ffffffffffffffffffffffffffffffffff
         fffffffffffffffffffffffffffffff9050919050565b61084d8282610ecb565b505056
         5b5f61085c825f610c78565b9050919050565b5f5f61086e8361081a565b90508084111
         56108b9578284826040517f79012fb20000000000000000000000000000000000000000
         000000000000000081526004016108b093929190611ce2565b60405180910390fd5b5f6
         108c385610c66565b90506108d86108d0610cd0565b858784610f4a565b809250505092
         915050565b5f5f5f8373ffffffffffffffffffffffffffffffffffffffff1673fffffff
         fffffffffffffffffffffffffffffffff1681526020019081526020015f205490509190
         50565b5f5f61093383610b7f565b90508084111561097e578284826040517f284ff6670
         00000000000000000000000000000000000000000000000000000008152600401610975
         93929190611ce2565b60405180910390fd5b5f61098885610a68565b905061099d61099
         5610cd0565b858388610f4a565b809250505092915050565b6060600480546109b79061
         1c51565b80601f016020809104026020016040519081016040528092919081815260200
         18280546109e390611c51565b8015610a2e5780601f10610a0557610100808354040283
         529160200191610a2e565b820191905f5260205f20905b8154815290600101906020018
         08311610a1157829003601f168201915b5050505050905090565b610a428282610fcb56
         5b5050565b5f5f610a50610cd0565b9050610a5d818585610dd4565b600191505092915
         050565b5f610a74826001610c78565b9050919050565b5f5f610a8683610bba565b9050
         80851115610ad1578285826040517ffe9cceec000000000000000000000000000000000
         000000000000000000000008152600401610ac893929190611ce2565b60405180910390
         fd5b5f610adb86610770565b9050610af1610ae8610cd0565b8686898561104a565b809
         25050509392505050565b5f5f610b0883610bd3565b905080851115610b535782858260
         40517fb94abeec000000000000000000000000000000000000000000000000000000008
         152600401610b4a93929190611ce2565b60405180910390fd5b5f610b5d86610851565b
         9050610b73610b6a610cd0565b8686848a61104a565b80925050509392505050565b5f7
         fffffffffffffffffffffffffffffffffffffffffffffffffffffffffffffffff905091
         9050565b5f610bb3825f610ce9565b9050919050565b5f610bcc610bc783610bd3565b6
         10851565b9050919050565b5f610bdd826108e3565b9050919050565b5f60015f8473ff
         ffffffffffffffffffffffffffffffffffffff1673fffffffffffffffffffffffffffff
         fffffffffff1681526020019081526020015f205f8373ffffffffffffffffffffffffff
         ffffffffffffff1673ffffffffffffffffffffffffffffffffffffffff1681526020019
         081526020015f2054905092915050565b5f610c71825f610ce9565b9050919050565b5f
         610cc86001610c86610627565b610c909190611d17565b610c98610ec4565b600a610ca
         49190611e79565b610cac610783565b610cb69190611d17565b84866111229093929190
         63ffffffff16565b905092915050565b5f33905090565b610ce4838383600161116f565
         b505050565b5f610d39610cf5610ec4565b600a610d019190611e79565b610d09610783
         565b610d139190611d17565b6001610d1d610627565b610d279190611d17565b8486611
         122909392919063ffffffff16565b905092915050565b5f610d4c8484610be4565b9050
         7fffffffffffffffffffffffffffffffffffffffffffffffffffffffffffffffff81101
         5610dce5781811015610dbf578281836040517ffb8f41b2000000000000000000000000
         000000000000000000000000000000008152600401610db693929190611ce2565b60405
         180910390fd5b610dcd84848484035f61116f565b5b50505050565b5f73ffffffffffff
         ffffffffffffffffffffffffffff168373fffffffffffffffffffffffffffffffffffff
         fff1603610e44575f6040517f96c6fd1e00000000000000000000000000000000000000
         0000000000000000008152600401610e3b9190611ad5565b60405180910390fd5b5f73f
         fffffffffffffffffffffffffffffffffffffff168273ffffffffffffffffffffffffff
         ffffffffffffff1603610eb4575f6040517fec442f05000000000000000000000000000
         000000000000000000000000000008152600401610eab9190611ad5565b604051809103
         90fd5b610ebf83838361133e565b505050565b5f5f905090565b5f73fffffffffffffff
         fffffffffffffffffffffffff168273ffffffffffffffffffffffffffffffffffffffff
         1603610f3b575f6040517fec442f0500000000000000000000000000000000000000000
         0000000000000008152600401610f329190611ad5565b60405180910390fd5b610f465f
         838361133e565b5050565b610f548483611557565b610f5e8382610ecb565b8273fffff
         fffffffffffffffffffffffffffffffffff168473ffffffffffffffffffffffffffffff
         ffffffffff167fdcbc1c05240f31ff3ad067ef1ee35ce4997762752e3a095284754544f
         4c709d78484604051610fbd929190611ec3565b60405180910390a350505050565b5f73
         ffffffffffffffffffffffffffffffffffffffff168273fffffffffffffffffffffffff
         fffffffffffffff160361103b575f6040517f96c6fd1e00000000000000000000000000
         00000000000000000000000000000081526004016110329190611ad5565b60405180910
         390fd5b611046825f8361133e565b5050565b8273ffffffffffffffffffffffffffffff
         ffffffffff168573ffffffffffffffffffffffffffffffffffffffff161461108957611
         088838683610d41565b5b6110938382610fcb565b61109d848361156e565b8273ffffff
         ffffffffffffffffffffffffffffffffff168473fffffffffffffffffffffffffffffff
         fffffffff168673ffffffffffffffffffffffffffffffffffffffff167ffbde797d201c
         681b91056529119e0b02407c7bb96a4a2c75c01fc9667232c8db8585604051611113929
         190611ec3565b60405180910390a45050505050565b5f61115061112f83611584565b80
         1561114b57505f848061114657611145611eea565b5b868809115b6115b1565b61115b8
         686866115bc565b6111659190611d17565b9050949350505050565b5f73ffffffffffff
         ffffffffffffffffffffffffffff168473fffffffffffffffffffffffffffffffffffff
         fff16036111df575f6040517fe602df0500000000000000000000000000000000000000
         00000000000000000081526004016111d69190611ad5565b60405180910390fd5b5f73f
         fffffffffffffffffffffffffffffffffffffff168373ffffffffffffffffffffffffff
         ffffffffffffff160361124f575f6040517f94280d62000000000000000000000000000
         0000000000000000000000000000081526004016112469190611ad5565b604051809103
         90fd5b8160015f8673ffffffffffffffffffffffffffffffffffffffff1673fffffffff
         fffffffffffffffffffffffffffffff1681526020019081526020015f205f8573ffffff
         ffffffffffffffffffffffffffffffffff1673fffffffffffffffffffffffffffffffff
         fffffff1681526020019081526020015f20819055508015611338578273ffffffffffff
         ffffffffffffffffffffffffffff168473fffffffffffffffffffffffffffffffffffff
         fff167f8c5be1e5ebec7d5bd14f71427d1e84f3dd0314c0f7b2291e5b200ac8c7c3b925
         8460405161132f9190611875565b60405180910390a35b50505050565b5f73fffffffff
         fffffffffffffffffffffffffffffff168373ffffffffffffffffffffffffffffffffff
         ffffff160361138e578060025f8282546113829190611d17565b9250508190555061145
         c565b5f5f5f8573ffffffffffffffffffffffffffffffffffffffff1673ffffffffffff
         ffffffffffffffffffffffffffff1681526020019081526020015f20549050818110156
         11417578381836040517fe450d38c000000000000000000000000000000000000000000
         00000000000000815260040161140e93929190611ce2565b60405180910390fd5b81810
         35f5f8673ffffffffffffffffffffffffffffffffffffffff1673ffffffffffffffffff
         ffffffffffffffffffffff1681526020019081526020015f2081905550505b5f73fffff
         fffffffffffffffffffffffffffffffffff168273ffffffffffffffffffffffffffffff
         ffffffffff16036114a3578060025f82825403925050819055506114ed565b805f5f847
         3ffffffffffffffffffffffffffffffffffffffff1673ffffffffffffffffffffffffff
         ffffffffffffff1681526020019081526020015f205f82825401925050819055505b817
         3ffffffffffffffffffffffffffffffffffffffff168373ffffffffffffffffffffffff
         ffffffffffffffff167fddf252ad1be2c89b69c2b068fc378daa952ba7f163c4a11628f
         55a4df523b3ef8360405161154a9190611875565b60405180910390a3505050565b6115
         6a6115626107f3565b83308461169b565b5050565b6115806115796107f3565b8383611
         6f0565b5050565b5f6001600283600381111561159c5761159b611f17565b5b6115a691
         90611f44565b60ff16149050919050565b5f8115159050919050565b5f5f5f6115c9868
         6611743565b915091505f82036115ee578381816115e4576115e3611eea565b5b049250
         5050611694565b81841161160d5761160c6116075f861460126011611760565b6117795
         65b5b5f8486880990508181118303925080820391505f855f0386169050808604955080
         83049250600181825f0304019050808402831792505f600287600302189050808702600
         20381029050808702600203810290508087026002038102905080870260020381029050
         8087026002038102905080870260020381029050808402955050505050505b939250505
         0565b6116a984848484600161178a565b6116ea57836040517f5274afe7000000000000
         0000000000000000000000000000000000000000000081526004016116e19190611ad55
         65b60405180910390fd5b50505050565b6116fd83838360016117fb565b61173e578260
         40517f5274afe7000000000000000000000000000000000000000000000000000000008
         1526004016117359190611ad5565b60405180910390fd5b505050565b5f5f5f19838509
         8385029150818110828203039250509250929050565b5f61176a846115b1565b8284180
         2821890509392505050565b634e487b715f52806020526024601cfd5b5f5f6323b872dd
         60e01b9050604051815f525f1960601c87166004525f1960601c8616602452846044526
         0205f60645f5f8c5af1925060015f511483166117e85783831516156117dc573d5f823e
         3d81fd5b5f883b113d1516831692505b806040525f606052505095945050505050565b5
         f5f63a9059cbb60e01b9050604051815f525f1960601c86166004528460245260205f60
         445f5f8b5af1925060015f5114831661184f578383151615611843573d5f823e3d81fd5
         b5f873b113d1516831692505b806040525050949350505050565b5f819050919050565b
         61186f8161185d565b82525050565b5f6020820190506118885f830184611866565b929
         15050565b5f81519050919050565b5f82825260208201905092915050565b8281835e5f
         83830152505050565b5f601f19601f8301169050919050565b5f6118d08261188e565b6
         118da8185611898565b93506118ea8185602086016118a8565b6118f3816118b6565b84
         0191505092915050565b5f6020820190508181035f83015261191681846118c6565b905
         092915050565b5f5ffd5b61192b8161185d565b8114611935575f5ffd5b50565b5f8135
         905061194681611922565b92915050565b5f602082840312156119615761196061191e5
         65b5b5f61196e84828501611938565b91505092915050565b5f73ffffffffffffffffff
         ffffffffffffffffffffff82169050919050565b5f6119a082611977565b90509190505
         65b6119b081611996565b81146119ba575f5ffd5b50565b5f813590506119cb816119a7
         565b92915050565b5f5f604083850312156119e7576119e661191e565b5b5f6119f4858
         286016119bd565b9250506020611a0585828601611938565b9150509250929050565b5f
         8115159050919050565b611a2381611a0f565b82525050565b5f602082019050611a3c5
         f830184611a1a565b92915050565b5f5f5f60608486031215611a5957611a5861191e56
         5b5b5f611a66868287016119bd565b9350506020611a77868287016119bd565b9250506
         040611a8886828701611938565b9150509250925092565b5f60ff82169050919050565b
         611aa781611a92565b82525050565b5f602082019050611ac05f830184611a9e565b929
         15050565b611acf81611996565b82525050565b5f602082019050611ae85f830184611a
         c6565b92915050565b5f60208284031215611b0357611b0261191e565b5b5f611b10848
         285016119bd565b91505092915050565b5f5f60408385031215611b2f57611b2e61191e
         565b5b5f611b3c85828601611938565b9250506020611b4d858286016119bd565b91505
         09250929050565b5f5f5f60608486031215611b6e57611b6d61191e565b5b5f611b7b86
         828701611938565b9350506020611b8c868287016119bd565b9250506040611b9d86828
         7016119bd565b9150509250925092565b5f5f60408385031215611bbd57611bbc61191e
         565b5b5f611bca858286016119bd565b9250506020611bdb858286016119bd565b91505
         09250929050565b5f81519050611bf381611922565b92915050565b5f60208284031215
         611c0e57611c0d61191e565b5b5f611c1b84828501611be5565b91505092915050565b7
         f4e487b71000000000000000000000000000000000000000000000000000000005f5260
         2260045260245ffd5b5f6002820490506001821680611c6857607f821691505b6020821
         08103611c7b57611c7a611c24565b5b50919050565b7f4e487b71000000000000000000
         000000000000000000000000000000000000005f52601160045260245ffd5b5f611cb88
         2611a92565b9150611cc383611a92565b9250828201905060ff811115611cdc57611cdb
         611c81565b5b92915050565b5f606082019050611cf55f830186611ac6565b611d02602
         0830185611866565b611d0f6040830184611866565b949350505050565b5f611d218261
         185d565b9150611d2c8361185d565b9250828201905080821115611d4457611d43611c8
         1565b5b92915050565b5f8160011c9050919050565b5f5f8291508390505b6001851115
         611d9f57808604811115611d7b57611d7a611c81565b5b6001851615611d8a578082029
         1505b8081029050611d9885611d4a565b9450611d5f565b94509492505050565b5f8261
         1db75760019050611e72565b81611dc4575f9050611e72565b8160018114611dda57600
         28114611de457611e13565b6001915050611e72565b60ff841115611df657611df5611c
         81565b5b8360020a915084821115611e0d57611e0c611c81565b5b50611e72565b50602
         08310610133831016604e8410600b8410161715611e485782820a905083811115611e43
         57611e42611c81565b5b611e72565b611e558484846001611d56565b925090508184048
         11115611e6c57611e6b611c81565b5b81810290505b9392505050565b5f611e83826118
         5d565b9150611e8e83611a92565b9250611ebb7ffffffffffffffffffffffffffffffff
         fffffffffffffffffffffffffffffffff8484611da8565b905092915050565b5f604082
         019050611ed65f830185611866565b611ee36020830184611866565b9392505050565b7
         f4e487b71000000000000000000000000000000000000000000000000000000005f5260
         1260045260245ffd5b7f4e487b710000000000000000000000000000000000000000000
         00000000000005f52602160045260245ffd5b5f611f4e82611a92565b9150611f598361
         1a92565b925082611f6957611f68611eea565b5b82820690509291505056fea26469706
         67358221220b8f32727f3375bb7d4ed194526f6b8ddd461bcea65cd3c954f56d769da51
         fc5964736f6c634300081e0033                                             
[PASS] proveFail_approvefrom_zero_address_reverts(address,uint256) (paths: 3, 
time: 0.01s, bounds: [])
[PASS] proveFail_approvezero_address_reverts(address,uint256) (paths: 3, time: 
0.01s, bounds: [])
[PASS] proveFail_burn_exceeds_balance_reverts(address,uint256) (paths: 5, time: 
0.14s, bounds: [])
[PASS] proveFail_burn_from_zero_address_reverts(uint256) (paths: 1, time: 0.01s,
bounds: [])
[PASS] 
proveFail_depositWithAmountLessThanAssets(address,address,uint256,uint256,addres
s) (paths: 11, time: 0.07s, bounds: [])
[PASS] proveFail_depositWithMSGSenderEqualsThis(address,uint256,uint256,address)
(paths: 12, time: 0.07s, bounds: [])
[PASS] 
proveFail_depositWithReceiverEqualsThis(address,address,uint256,uint256,address)
(paths: 13, time: 0.07s, bounds: [])
[PASS] 
proveFail_mintWithAmountLessThanShares(address,address,uint256,uint256,address) 
(paths: 31, time: 0.36s, bounds: [])
WARNING  proveFail_mintWithMSGSenderEqualsThis(uint256,address): all paths have 
         been reverted; the setup state or inputs may have been too restrictive.
         (see https://github.com/a16z/halmos/wiki/warnings#revert-all)          
[ERROR] proveFail_mintWithMSGSenderEqualsThis(uint256,address) (paths: 3, time: 
0.00s, bounds: [])
Counterexample: 
    p_account_address_ab19a8f_00 = 0x8000000000000000000000000000000000000000
    p_amount_uint256_cceecbf_00 = 0x00
    p_msg_sender_address_aefb972_00 = 0xaaaa0003
    p_receiver_address_c78ab56_00 = 0x7fa9385be102ac3eac297483dd6233d62b3e1496
    p_shares_uint256_ed41fba_00 = 0x00
[FAIL] proveFail_mintWithReceiverAsThis(address,address,uint256,uint256,address)
(paths: 23, time: 0.52s, bounds: [])
[PASS] proveFail_mint_overflow_reverts(address) (paths: 3, time: 0.02s, bounds: 
[])
[PASS] proveFail_mint_to_zero_address_reverts(uint256) (paths: 1, time: 0.00s, 
bounds: [])
[PASS] 
proveFail_redeemWithAmountLessThanShares(address,address,uint256,uint256,address
,address) (paths: 19, time: 0.17s, bounds: [])
Counterexample: 
    p_account_address_405d2b0_00 = 0x8000000000000000000000000000000000000000
    p_amount_uint256_3011753_00 = 0x00
    p_msg_sender_address_b2f9105_00 = 0x7fa9385be102ac3eac297483dd6233d62b3e1496
    p_owner_address_e6a69f2_00 = 0x8000000000000000000000000000000000000000
    p_receiver_address_c73aa34_00 = 0x8000000000000000000000000000000000000000
    p_shares_uint256_c9fa2ac_00 = 0x00
Counterexample: 
    p_account_address_405d2b0_00 = 0x8000000000000000000000000000000000000000
    p_amount_uint256_3011753_00 = 0x00
    p_msg_sender_address_b2f9105_00 = 0x7fa9385be102ac3eac297483dd6233d62b3e1496
    p_owner_address_e6a69f2_00 = 0x7fa9385be102ac3eac297483dd6233d62b3e1496
    p_receiver_address_c73aa34_00 = 0x8000000000000000000000000000000000000000
    p_shares_uint256_c9fa2ac_00 = 0x00
[FAIL] 
proveFail_redeemWithMSGSenderEqualsThis(address,address,uint256,uint256,address,
address) (paths: 26, time: 0.35s, bounds: [])
Counterexample: 
    p_account_address_217b8ef_00 = 0x8000000000000000000000000000000000000000
    p_amount_uint256_897252e_00 = 0x00
    p_msg_sender_address_13932fb_00 = 0x8000000000000000000000000000000000000000
    p_owner_address_3e51bfe_00 = 0xc000000000000000000000000000000000000000
    p_receiver_address_afa2144_00 = 0x7fa9385be102ac3eac297483dd6233d62b3e1496
    p_shares_uint256_990b7dc_00 = 0x00
Counterexample: 
    p_account_address_217b8ef_00 = 0x8000000000000000000000000000000000000000
    p_amount_uint256_897252e_00 = 0x00
    p_msg_sender_address_13932fb_00 = 0x8000000000000000000000000000000000000000
    p_owner_address_3e51bfe_00 = 0x7fa9385be102ac3eac297483dd6233d62b3e1496
    p_receiver_address_afa2144_00 = 0x7fa9385be102ac3eac297483dd6233d62b3e1496
    p_shares_uint256_990b7dc_00 = 0x00
[FAIL] 
proveFail_redeemWithReceiverEqualsThis(address,address,uint256,uint256,address,a
ddress) (paths: 24, time: 0.55s, bounds: [])
[PASS] proveFail_transferFrom_from_zero_address_reverts(address,address,uint256)
(paths: 5, time: 0.02s, bounds: [])
[PASS] 
proveFail_transferFrom_insufficient_allowance_reverts(address,address,address,ui
nt256) (paths: 9, time: 0.08s, bounds: [])
[PASS] 
proveFail_transferFrom_insufficient_balance_reverts(address,address,address,uint
256,uint256) (paths: 7, time: 0.05s, bounds: [])
[PASS] proveFail_transferFrom_to_zero_address_reverts(address,address,uint256) 
(paths: 6, time: 0.04s, bounds: [])
[PASS] proveFail_transfer_from_zero_address_reverts(address,uint256) (paths: 3, 
time: 0.01s, bounds: [])
[PASS] 
proveFail_transfer_insufficient_balance_reverts(address,address,uint256,uint256)
(paths: 7, time: 0.15s, bounds: [])
[PASS] proveFail_transfer_to_zero_address_reverts(address,uint256) (paths: 3, 
time: 0.01s, bounds: [])
Counterexample: 
    p_account_address_77fa3b1_00 = 0xc000000000000000000000000000000000000000
    p_amount_uint256_375c809_00 = 0x00
    p_assets_uint256_44803bf_00 = 0x00
    p_msg_sender_address_a7fe55c_00 = 0xc000000000000000000000000000000000000000
    p_owner_address_e7279ee_00 = 0x8000000000000000000000000000000000000000
    p_receiver_address_aecf17e_00 = 0x8000000000000000000000000000000000000000
[FAIL] 
proveFail_withdrawWithAmountLessThanAssets(address,address,uint256,uint256,addre
ss,address) (paths: 39, time: 5.86s, bounds: [])
Counterexample: 
    p_account_address_4b5d8e3_00 = 0x8000000000000000000000000000000000000000
    p_amount_uint256_a3bf94d_00 = 0x00
    p_assets_uint256_fdeb333_00 = 0x00
    p_msg_sender_address_7226459_00 = 0x8000000000000000000000000000000000000000
    p_owner_address_3723f9c_00 = 0x8000000000000000000000000000000000000000
    p_receiver_address_4e9ae6c_00 = 0xc000000000000000000000000000000000000000
[FAIL] 
proveFail_withdrawWithMSGSenderEqualsOwner(address,address,uint256,uint256,addre
ss,address) (paths: 36, time: 4.90s, bounds: [])
Counterexample: 
    p_account_address_841a94d_00 = 0x8000000000000000000000000000000000000000
    p_amount_uint256_515e2e9_00 = 0x00
    p_assets_uint256_5a93900_00 = 0x00
    p_msg_sender_address_154c878_00 = 0x7fa9385be102ac3eac297483dd6233d62b3e1496
    p_owner_address_88463ef_00 = 0xc000000000000000000000000000000000000000
    p_receiver_address_94635ce_00 = 0x8000000000000000000000000000000000000000
[FAIL] 
proveFail_withdrawWithMSGSenderEqualsThis(address,address,uint256,uint256,addres
s,address) (paths: 40, time: 0.65s, bounds: [])
Counterexample: 
    p_account_address_b569e4d_00 = 0xc000000000000000000000000000000000000000
    p_amount_uint256_2133fc9_00 = 0x00
    p_assets_uint256_9c0aca3_00 = 0x00
    p_msg_sender_address_079a9ef_00 = 0xc000000000000000000000000000000000000000
    p_owner_address_1982641_00 = 0x8000000000000000000000000000000000000000
    p_receiver_address_2d5dbac_00 = 0x8000000000000000000000000000000000000000
[FAIL] 
proveFail_withdrawWithOwnerEqualsReceiver(address,address,uint256,uint256,addres
s,address) (paths: 39, time: 5.97s, bounds: [])
Counterexample: 
    p_account_address_dfbb47f_00 = 0x8000000000000000000000000000000000000000
    p_amount_uint256_b0208ec_00 = 0x00
    p_assets_uint256_bb19d64_00 = 0x00
    p_msg_sender_address_0fb8429_00 = 0x8000000000000000000000000000000000000000
    p_owner_address_2ed068e_00 = 0x7fa9385be102ac3eac297483dd6233d62b3e1496
    p_receiver_address_66e0eeb_00 = 0x8000000000000000000000000000000000000000
[FAIL] 
proveFail_withdrawWithOwnerEqualsThis(address,address,uint256,uint256,address,ad
dress) (paths: 38, time: 5.48s, bounds: [])
Counterexample: 
    p_account_address_0b2f2d2_00 = 0x8000000000000000000000000000000000000000
    p_amount_uint256_5dbfc11_00 = 0x00
    p_assets_uint256_1f49bd8_00 = 0x00
    p_msg_sender_address_08deaec_00 = 0x8000000000000000000000000000000000000000
    p_owner_address_a0b8400_00 = 0xc000000000000000000000000000000000000000
    p_receiver_address_8b01a4a_00 = 0x7fa9385be102ac3eac297483dd6233d62b3e1496
[FAIL] 
proveFail_withdrawWithReceiverEqualsThis(address,address,uint256,uint256,address
,address) (paths: 38, time: 4.86s, bounds: [])
[PASS] prove_approveoverwrites_allowance(address,address,uint256,uint256) 
(paths: 6, time: 0.03s, bounds: [])
[PASS] prove_approvesets_allowance(address,address,uint256) (paths: 5, time: 
0.02s, bounds: [])
[PASS] prove_burn_decreases_balance(address,uint256) (paths: 4, time: 0.02s, 
bounds: [])
[PASS] prove_convertToAssets_lte_previewMint(uint256) (paths: 15, time: 0.31s, 
bounds: [])
[PASS] prove_convertToShares_gte_previewDeposit(uint256,uint256) (paths: 13, 
time: 0.22s, bounds: [])
[PASS] prove_integrity_of_deposit(uint256,address) (paths: 15, time: 0.32s, 
bounds: [])
[PASS] prove_integrity_of_redeem() (paths: 1, time: 0.04s, bounds: [])
WARNING  prove_integrity_of_withdraw(): all paths have been reverted; the setup 
         state or inputs may have been too restrictive.                         
         (see https://github.com/a16z/halmos/wiki/warnings#revert-all)          
[ERROR] prove_integrity_of_withdraw() (paths: 1, time: 0.02s, bounds: [])
[PASS] prove_maxDeposit_returns_correct_value(address) (paths: 2, time: 0.00s, 
bounds: [])
[PASS] prove_maxMint_returns_correct_value(address) (paths: 2, time: 0.00s, 
bounds: [])
[PASS] prove_mint_increases_balance(address,uint256) (paths: 3, time: 0.02s, 
bounds: [])
WARNING  prove_previewDepositRelationToDeposit(uint256,address): all paths have 
         been reverted; the setup state or inputs may have been too restrictive.
         (see https://github.com/a16z/halmos/wiki/warnings#revert-all)          
[ERROR] prove_previewDepositRelationToDeposit(uint256,address) (paths: 9, time: 
0.10s, bounds: [])
[PASS] prove_previewRedeem_lte_redeem(address,uint256) (paths: 8, time: 0.14s, 
bounds: [])
[PASS] prove_share_price_maintained_after_mint(uint256,address) (paths: 11, 
time: 0.87s, bounds: [])
[PASS] prove_transferFrom_updates_balances(address,address,address,uint256) 
(paths: 12, time: 0.13s, bounds: [])
[PASS] prove_transfer_updates_balances(address,address,uint256) (paths: 8, time:
0.17s, bounds: [])
Symbolic test result: 32 passed; 12 failed; time: 32.92s

