Checking 45 function(s) in contract test/hevm/subjects/ERC4626_Solmate_Hevm.t.sol:ERC4626_Solmate_Hevm
[96m[RUNNING][0m proveFail_withdrawWithMSGSenderEqualsOwner(address,address,uint256,uint256,address,address)
   Counterexample:   [33m[error attempting to reproduce: AbstractBuf "txdata" --- cannot flatten buffer: Comp Base {byte = 0, length = 0x8000000000000001}][0m
     calldata: proveFail_withdrawWithMSGSenderEqualsOwner(AbstractBuf "txdata" --- cannot flatten buffer: Comp Base {byte = 0, length = 0x8000000000000001})
     result:   Successful execution
   [31m[FAIL][0m proveFail_withdrawWithMSGSenderEqualsOwner
   [33m[WARNING][0m hevm was only able to partially explore the test proveFail_withdrawWithMSGSenderEqualsOwner due to: 
      2x -> SMT solver says: Unable to parse SMT solver output (maybe it got killed?): (error "out of memory")

[96m[RUNNING][0m prove_mint_increases_balance(address,uint256)
   [32m[PASS][0m prove_mint_increases_balance

[96m[RUNNING][0m proveFail_mintWithMSGSenderEqualsThis(uint256,address)
   Counterexample:   [90m[validated][0m
     calldata: proveFail_mintWithMSGSenderEqualsThis(115792089237316195423570985008687907853269984665640564039457584007913129639935,0x0000000000000000000000000000000001000000)
     result:   Successful execution
   [31m[FAIL][0m proveFail_mintWithMSGSenderEqualsThis

[96m[RUNNING][0m prove_previewRedeem_lte_redeem(address,uint256)
   [31m[FAIL][0m prove_previewRedeem_lte_redeem
   No reachable assertion violations, but all branches reverted

[96m[RUNNING][0m proveFail_redeemWithReceiverEqualsThis(address,address,uint256,uint256,address,address)
   [31m[FAIL][0m proveFail_redeemWithReceiverEqualsThis
   [33m[WARNING][0m hevm was only able to partially explore the test proveFail_redeemWithReceiverEqualsThis due to: 
      6x -> SMT solver says: Unable to parse SMT solver output (maybe it got killed?): (error "out of memory")

[96m[RUNNING][0m proveFail_withdrawWithOwnerEqualsReceiver(address,address,uint256,uint256,address,address)
   [31m[FAIL][0m proveFail_withdrawWithOwnerEqualsReceiver
   [33m[WARNING][0m hevm was only able to partially explore the test proveFail_withdrawWithOwnerEqualsReceiver due to: 
      1x -> SMT solver says: Result unknown by SMT solver
      4x -> SMT solver says: Unable to parse SMT solver output (maybe it got killed?): (error "out of memory")

[96m[RUNNING][0m proveFail_transferFrom_insufficient_balance_reverts(address,address,address,uint256,uint256)
   [32m[PASS][0m proveFail_transferFrom_insufficient_balance_reverts

[96m[RUNNING][0m prove_convertToShares_rounds_down_towards_0(uint256,uint256)
   [31m[FAIL][0m prove_convertToShares_rounds_down_towards_0
   [33m[WARNING][0m prove_convertToShares_rounds_down_towards_0 all branches reverted

   [33m[WARNING][0m hevm was only able to partially explore the test prove_convertToShares_rounds_down_towards_0 due to: 
      8x -> Max iterations reached at addr: LitAddr 0xD95322745865822719164b1fC167930754c248DE at pc: 3854

[96m[RUNNING][0m proveFail_transfer_insufficient_balance_reverts(address,address,uint256,uint256)
   [32m[PASS][0m proveFail_transfer_insufficient_balance_reverts

[96m[RUNNING][0m proveFail_transfer_from_zero_address_reverts(address,uint256)
   Counterexample:   [90m[validated][0m
     calldata: proveFail_transfer_from_zero_address_reverts(0x000000000000000020000000000000000000000C,0)
     result:   Successful execution
   [31m[FAIL][0m proveFail_transfer_from_zero_address_reverts

[96m[RUNNING][0m proveFail_depositWithMSGSenderEqualsThis(address,uint256,uint256,address)
   [32m[PASS][0m proveFail_depositWithMSGSenderEqualsThis

[96m[RUNNING][0m proveFail_mintWithAmountLessThanShares(address,address,uint256,uint256,address)
   [31m[FAIL][0m proveFail_mintWithAmountLessThanShares
   [33m[WARNING][0m hevm was only able to partially explore the test proveFail_mintWithAmountLessThanShares due to: 
      4x -> SMT solver says: Unable to parse SMT solver output (maybe it got killed?): (error "out of memory")

[96m[RUNNING][0m prove_transfer_updates_balances(address,address,uint256)
   [31m[FAIL][0m prove_transfer_updates_balances
   [33m[WARNING][0m prove_transfer_updates_balances all branches reverted

   [33m[WARNING][0m hevm was only able to partially explore the test prove_transfer_updates_balances due to: 
      2x -> Max iterations reached at addr: LitAddr 0x6eecb916B78765D6B277bFf328684Db91f4f6A5D at pc: 11

[96m[RUNNING][0m prove_approvesets_allowance(address,address,uint256)
   [32m[PASS][0m prove_approvesets_allowance

[96m[RUNNING][0m proveFail_mint_overflow_reverts(address)
   [32m[PASS][0m proveFail_mint_overflow_reverts

[96m[RUNNING][0m prove_integrity_of_redeem()
   [31m[FAIL][0m prove_integrity_of_redeem
   [33m[WARNING][0m prove_integrity_of_redeem all branches reverted

   [33m[WARNING][0m hevm was only able to partially explore the test prove_integrity_of_redeem due to: 
      2x -> Max iterations reached at addr: LitAddr 0xD95322745865822719164b1fC167930754c248DE at pc: 3854

[96m[RUNNING][0m proveFail_withdrawWithReceiverEqualsThis(address,address,uint256,uint256,address,address)
   [31m[FAIL][0m proveFail_withdrawWithReceiverEqualsThis
   [33m[WARNING][0m hevm was only able to partially explore the test proveFail_withdrawWithReceiverEqualsThis due to: 
      1x -> SMT solver says: Result unknown by SMT solver
      4x -> SMT solver says: Unable to parse SMT solver output (maybe it got killed?): (error "out of memory")

[96m[RUNNING][0m prove_previewDepositRelationToDeposit(uint256,address)
   [32m[PASS][0m prove_previewDepositRelationToDeposit

[96m[RUNNING][0m prove_convertToAssets_rounds_down_towards_0(uint256)
   [31m[FAIL][0m prove_convertToAssets_rounds_down_towards_0
   [33m[WARNING][0m prove_convertToAssets_rounds_down_towards_0 all branches reverted

   [33m[WARNING][0m hevm was only able to partially explore the test prove_convertToAssets_rounds_down_towards_0 due to: 
      4x -> Max iterations reached at addr: LitAddr 0xD95322745865822719164b1fC167930754c248DE at pc: 3854

[96m[RUNNING][0m prove_approveoverwrites_allowance(address,address,uint256,uint256)
   [32m[PASS][0m prove_approveoverwrites_allowance

[96m[RUNNING][0m prove_share_price_maintained_after_mint(uint256,address)
   [31m[FAIL][0m prove_share_price_maintained_after_mint
   [33m[WARNING][0m prove_share_price_maintained_after_mint all branches reverted

   [33m[WARNING][0m hevm was only able to partially explore the test prove_share_price_maintained_after_mint due to: 
      4x -> Max iterations reached at addr: LitAddr 0x6eecb916B78765D6B277bFf328684Db91f4f6A5D at pc: 11

[96m[RUNNING][0m proveFail_burn_from_zero_address_reverts(uint256)
   Counterexample:   [90m[validated][0m
     calldata: proveFail_burn_from_zero_address_reverts(0)
     result:   Successful execution
   [31m[FAIL][0m proveFail_burn_from_zero_address_reverts

[96m[RUNNING][0m proveFail_withdrawWithMSGSenderEqualsThis(address,address,uint256,uint256,address,address)
   [31m[FAIL][0m proveFail_withdrawWithMSGSenderEqualsThis
   [33m[WARNING][0m hevm was only able to partially explore the test proveFail_withdrawWithMSGSenderEqualsThis due to: 
      1x -> SMT solver says: Result unknown by SMT solver
      4x -> SMT solver says: Unable to parse SMT solver output (maybe it got killed?): (error "out of memory")

[96m[RUNNING][0m proveFail_withdrawWithOwnerEqualsThis(address,address,uint256,uint256,address,address)
   [31m[FAIL][0m proveFail_withdrawWithOwnerEqualsThis
   [33m[WARNING][0m hevm was only able to partially explore the test proveFail_withdrawWithOwnerEqualsThis due to: 
      1x -> SMT solver says: Result unknown by SMT solver
      4x -> SMT solver says: Unable to parse SMT solver output (maybe it got killed?): (error "out of memory")

[96m[RUNNING][0m proveFail_depositWithReceiverEqualsThis(address,address,uint256,uint256,address)
   [32m[PASS][0m proveFail_depositWithReceiverEqualsThis

[96m[RUNNING][0m proveFail_burn_exceeds_balance_reverts(address,uint256)
   [32m[PASS][0m proveFail_burn_exceeds_balance_reverts

[96m[RUNNING][0m proveFail_withdrawWithAmountLessThanAssets(address,address,uint256,uint256,address,address)
   [31m[FAIL][0m proveFail_withdrawWithAmountLessThanAssets
   [33m[WARNING][0m hevm was only able to partially explore the test proveFail_withdrawWithAmountLessThanAssets due to: 
      1x -> SMT solver says: Result unknown by SMT solver
      4x -> SMT solver says: Unable to parse SMT solver output (maybe it got killed?): (error "out of memory")

[96m[RUNNING][0m proveFail_transferFrom_insufficient_allowance_reverts(address,address,address,uint256)
   [32m[PASS][0m proveFail_transferFrom_insufficient_allowance_reverts

[96m[RUNNING][0m prove_maxDeposit_returns_correct_value(address)
   [32m[PASS][0m prove_maxDeposit_returns_correct_value

[96m[RUNNING][0m proveFail_mint_to_zero_address_reverts(uint256)
   Counterexample:   [90m[validated][0m
     calldata: proveFail_mint_to_zero_address_reverts(0)
     result:   Successful execution
   [31m[FAIL][0m proveFail_mint_to_zero_address_reverts

[96m[RUNNING][0m proveFail_redeemWithAmountLessThanShares(address,address,uint256,uint256,address,address)
   [31m[FAIL][0m proveFail_redeemWithAmountLessThanShares
   [33m[WARNING][0m hevm was only able to partially explore the test proveFail_redeemWithAmountLessThanShares due to: 
      6x -> SMT solver says: Unable to parse SMT solver output (maybe it got killed?): (error "out of memory")

[96m[RUNNING][0m proveFail_redeemWithMSGSenderEqualsThis(address,address,uint256,uint256,address,address)
   [31m[FAIL][0m proveFail_redeemWithMSGSenderEqualsThis
   [33m[WARNING][0m hevm was only able to partially explore the test proveFail_redeemWithMSGSenderEqualsThis due to: 
      6x -> SMT solver says: Unable to parse SMT solver output (maybe it got killed?): (error "out of memory")

[96m[RUNNING][0m prove_convertToShares_gte_previewDeposit(uint256,uint256)
   [31m[FAIL][0m prove_convertToShares_gte_previewDeposit
   [33m[WARNING][0m prove_convertToShares_gte_previewDeposit all branches reverted

   [33m[WARNING][0m hevm was only able to partially explore the test prove_convertToShares_gte_previewDeposit due to: 
      4x -> Max iterations reached at addr: LitAddr 0xD95322745865822719164b1fC167930754c248DE at pc: 3854

[96m[RUNNING][0m proveFail_depositWithAmountLessThanAssets(address,address,uint256,uint256,address)
   [32m[PASS][0m proveFail_depositWithAmountLessThanAssets

[96m[RUNNING][0m prove_integrity_of_deposit(uint256,address)
   [32m[PASS][0m prove_integrity_of_deposit

[96m[RUNNING][0m prove_integrity_of_withdraw()
   [31m[FAIL][0m prove_integrity_of_withdraw
   No reachable assertion violations, but all branches reverted

[96m[RUNNING][0m proveFail_approvefrom_zero_address_reverts(address,uint256)
   Counterexample:   [90m[validated][0m
     calldata: proveFail_approvefrom_zero_address_reverts(0x000000000000000020000000000000000000000C,0)
     result:   Successful execution
   [31m[FAIL][0m proveFail_approvefrom_zero_address_reverts

[96m[RUNNING][0m prove_maxMint_returns_correct_value(address)
   [32m[PASS][0m prove_maxMint_returns_correct_value

[96m[RUNNING][0m proveFail_approvezero_address_reverts(address,uint256)
   Counterexample:   [90m[validated][0m
     calldata: proveFail_approvezero_address_reverts(0x000000000000000020000000000000000000000C,0)
     result:   Successful execution
   [31m[FAIL][0m proveFail_approvezero_address_reverts

[96m[RUNNING][0m prove_burn_decreases_balance(address,uint256)
   [32m[PASS][0m prove_burn_decreases_balance

[96m[RUNNING][0m proveFail_transferFrom_from_zero_address_reverts(address,address,uint256)
   Counterexample:   [90m[validated][0m
     calldata: proveFail_transferFrom_from_zero_address_reverts(0x0000000000000008000000000000000000000004,0x200000080000000802000002000100002000010A,0)
     result:   Successful execution
   [31m[FAIL][0m proveFail_transferFrom_from_zero_address_reverts

[96m[RUNNING][0m proveFail_transfer_to_zero_address_reverts(address,uint256)
   Counterexample:   [90m[validated][0m
     calldata: proveFail_transfer_to_zero_address_reverts(0x0000080000000000000000000000000000000000,0)
     result:   Successful execution
   [31m[FAIL][0m proveFail_transfer_to_zero_address_reverts

[96m[RUNNING][0m prove_convertToAssets_lte_previewMint(uint256)
   [31m[FAIL][0m prove_convertToAssets_lte_previewMint
   [33m[WARNING][0m prove_convertToAssets_lte_previewMint all branches reverted

   [33m[WARNING][0m hevm was only able to partially explore the test prove_convertToAssets_lte_previewMint due to: 
      4x -> Max iterations reached at addr: LitAddr 0xD95322745865822719164b1fC167930754c248DE at pc: 3854

[96m[RUNNING][0m proveFail_transferFrom_to_zero_address_reverts(address,address,uint256)
   Counterexample:   [90m[validated][0m
     calldata: proveFail_transferFrom_to_zero_address_reverts(0x0400000800000000000000000000000000000000,0x000000004200180042000000210000000000000a,115792089237316195423570985008687907853269984665640564039457584007913129639935)
     result:   Successful execution
   Counterexample:   [33m[error attempting to reproduce: AbstractBuf "txdata" --- cannot flatten buffer: Comp Base {byte = 0, length = 0x200000000001}][0m
     calldata: proveFail_transferFrom_to_zero_address_reverts(AbstractBuf "txdata" --- cannot flatten buffer: Comp Base {byte = 0, length = 0x200000000001})
     result:   Successful execution
   [31m[FAIL][0m proveFail_transferFrom_to_zero_address_reverts

[96m[RUNNING][0m prove_transferFrom_updates_balances(address,address,address,uint256)
   [31m[FAIL][0m prove_transferFrom_updates_balances
   [33m[WARNING][0m prove_transferFrom_updates_balances all branches reverted

   [33m[WARNING][0m hevm was only able to partially explore the test prove_transferFrom_updates_balances due to: 
      4x -> Max iterations reached at addr: LitAddr 0x6eecb916B78765D6B277bFf328684Db91f4f6A5D at pc: 11

