Unable to resolve imports:
      "lib/openzeppelin-contracts/contracts/mocks/token/ERC20Mock.sol" in "/home/manoel/projeto/hevm/src/mocks/Mocks.sol"
      "lib/openzeppelin-contracts/contracts/token/ERC1155/ERC1155.sol" in "/home/manoel/projeto/hevm/src/mocks/Mocks.sol"
      "lib/openzeppelin-contracts/contracts/mocks/token/ERC4626Mock.sol" in "/home/manoel/projeto/hevm/src/mocks/Mocks.sol"
      "lib/solmate/src/tokens/ERC721.sol" in "/home/manoel/projeto/hevm/src/mocks/Mocks.sol"
      "lib/solmate/src/tokens/ERC20.sol" in "/home/manoel/projeto/hevm/src/mocks/Mocks.sol"
      "lib/solmate/src/tokens/ERC4626.sol" in "/home/manoel/projeto/hevm/src/mocks/Mocks.sol"
      "lib/openzeppelin-contracts/contracts/token/ERC721/ERC721.sol" in "/home/manoel/projeto/hevm/src/mocks/Mocks.sol"
      "lib/solmate/src/tokens/ERC1155.sol" in "/home/manoel/projeto/hevm/src/mocks/Mocks.sol"
with remappings:
      @openzeppelin/contracts/=/home/manoel/projeto/hevm/lib/openzeppelin-contracts/contracts/
      ds-test/=/home/manoel/projeto/hevm/lib/solmate/lib/ds-test/src/
      erc4626-tests/=/home/manoel/projeto/hevm/lib/openzeppelin-contracts/lib/erc4626-tests/
      forge-std/=/home/manoel/projeto/hevm/lib/forge-std/src/
      halmos-cheatcodes/=/home/manoel/projeto/hevm/lib/openzeppelin-contracts/lib/halmos-cheatcodes/src/
      openzeppelin-contracts/=/home/manoel/projeto/hevm/lib/openzeppelin-contracts/contracts/
      solmate/=/home/manoel/projeto/hevm/lib/solmate/src/
Compiling 68 files with Solc 0.8.30
Solc 0.8.30 finished in 804.18ms
Compiler run successful!

Ran 3 tests for test/confirm/Confirm_ERC721_OpenZeppelin_Halmos.t.sol:Confirm_ERC721_OpenZeppelin_Halmos
[PASS] test_cex_0() (gas: 78793)
Logs:
  OUTCOME 0 panic:1

[PASS] test_cex_1() (gas: 34610)
Logs:
  OUTCOME 1 panic:1

[PASS] test_cex_2() (gas: 118653)
Logs:
  OUTCOME 2 panic:1

Suite result: ok. 3 passed; 0 failed; 0 skipped; finished in 1.01ms (647.89µs CPU time)

Ran 1 test suite in 8.08ms (1.01ms CPU time): 3 tests passed, 0 failed, 0 skipped (3 total tests)
