Unable to resolve imports:
      "lib/openzeppelin-contracts/contracts/mocks/token/ERC20Mock.sol" in "/home/manoel/projeto/hevm/src/mocks/Mocks.sol"
      "lib/solmate/src/tokens/ERC20.sol" in "/home/manoel/projeto/hevm/src/mocks/Mocks.sol"
      "lib/openzeppelin-contracts/contracts/mocks/token/ERC4626Mock.sol" in "/home/manoel/projeto/hevm/src/mocks/Mocks.sol"
      "lib/solmate/src/tokens/ERC721.sol" in "/home/manoel/projeto/hevm/src/mocks/Mocks.sol"
      "lib/solmate/src/tokens/ERC4626.sol" in "/home/manoel/projeto/hevm/src/mocks/Mocks.sol"
      "lib/openzeppelin-contracts/contracts/token/ERC721/ERC721.sol" in "/home/manoel/projeto/hevm/src/mocks/Mocks.sol"
      "lib/openzeppelin-contracts/contracts/token/ERC1155/ERC1155.sol" in "/home/manoel/projeto/hevm/src/mocks/Mocks.sol"
      "lib/solmate/src/tokens/ERC1155.sol" in "/home/manoel/projeto/hevm/src/mocks/Mocks.sol"
with remappings:
      @openzeppelin/contracts/=/home/manoel/projeto/hevm/lib/openzeppelin-contracts/contracts/
      ds-test/=/home/manoel/projeto/hevm/lib/solmate/lib/ds-test/src/
      erc4626-tests/=/home/manoel/projeto/hevm/lib/openzeppelin-contracts/lib/erc4626-tests/
      forge-std/=/home/manoel/projeto/hevm/lib/forge-std/src/
      halmos-cheatcodes/=/home/manoel/projeto/hevm/lib/openzeppelin-contracts/lib/halmos-cheatcodes/src/
      openzeppelin-contracts/=/home/manoel/projeto/hevm/lib/openzeppelin-contracts/contracts/
      solmate/=/home/manoel/projeto/hevm/lib/solmate/src/
Compiling 68 files with Solc 0.8.30
Solc 0.8.30 finished in 896.02ms
Compiler run successful!

Ran 1 test for test/confirm/Confirm_ERC4626_OpenZeppelin_Hevm.t.sol:Confirm_ERC4626_OpenZeppelin_Hevm
[PASS] test_cex_0() (gas: 11582)
Logs:
  OUTCOME 0 revert:0x08c379a0000000000000000000000000000000000000000000000000000000000000002000000000000000000000000000000000000000000000000000000000000000226d73672e73656e6465722073686f756c64206265207468697320636f6e7472616374000000000000000000000000000000000000000000000000000000000000

Suite result: ok. 1 passed; 0 failed; 0 skipped; finished in 758.53µs (96.85µs CPU time)

Ran 1 test suite in 8.23ms (758.53µs CPU time): 1 tests passed, 0 failed, 0 skipped (1 total tests)
