Unable to resolve imports:
      "lib/solmate/src/tokens/ERC1155.sol" in "/home/manoel/projeto/hevm/src/mocks/Mocks.sol"
      "lib/openzeppelin-contracts/contracts/token/ERC721/ERC721.sol" in "/home/manoel/projeto/hevm/src/mocks/Mocks.sol"
      "lib/openzeppelin-contracts/contracts/mocks/token/ERC4626Mock.sol" in "/home/manoel/projeto/hevm/src/mocks/Mocks.sol"
      "lib/solmate/src/tokens/ERC721.sol" in "/home/manoel/projeto/hevm/src/mocks/Mocks.sol"
      "lib/openzeppelin-contracts/contracts/token/ERC1155/ERC1155.sol" in "/home/manoel/projeto/hevm/src/mocks/Mocks.sol"
      "lib/solmate/src/tokens/ERC4626.sol" in "/home/manoel/projeto/hevm/src/mocks/Mocks.sol"
      "lib/openzeppelin-contracts/contracts/mocks/token/ERC20Mock.sol" in "/home/manoel/projeto/hevm/src/mocks/Mocks.sol"
      "lib/solmate/src/tokens/ERC20.sol" in "/home/manoel/projeto/hevm/src/mocks/Mocks.sol"
with remappings:
      @openzeppelin/contracts/=/home/manoel/projeto/hevm/lib/openzeppelin-contracts/contracts/
      ds-test/=/home/manoel/projeto/hevm/lib/solmate/lib/ds-test/src/
      erc4626-tests/=/home/manoel/projeto/hevm/lib/openzeppelin-contracts/lib/erc4626-tests/
      forge-std/=/home/manoel/projeto/hevm/lib/forge-std/src/
      halmos-cheatcodes/=/home/manoel/projeto/hevm/lib/openzeppelin-contracts/lib/halmos-cheatcodes/src/
      openzeppelin-contracts/=/home/manoel/projeto/hevm/lib/openzeppelin-contracts/contracts/
      solmate/=/home/manoel/projeto/hevm/lib/solmate/src/
Compiling 68 files with Solc 0.8.30
Solc 0.8.30 finished in 961.38ms
Compiler run successful!

Ran 16 tests for test/confirm/Confirm_ERC4626_Solmate_Halmos.t.sol:Confirm_ERC4626_Solmate_Halmos
[PASS] test_cex_0() (gas: 34395)
Logs:
  OUTCOME 0 panic:1

[PASS] test_cex_1() (gas: 34398)
Logs:
  OUTCOME 1 panic:1

[PASS] test_cex_10() (gas: 80473)
Logs:
  OUTCOME 10 panic:1

[PASS] test_cex_11() (gas: 77647)
Logs:
  OUTCOME 11 panic:1

[PASS] test_cex_12() (gas: 80454)
Logs:
  OUTCOME 12 panic:1

[PASS] test_cex_13() (gas: 80519)
Logs:
  OUTCOME 13 panic:1

[PASS] test_cex_14() (gas: 80541)
Logs:
  OUTCOME 14 panic:1

[PASS] test_cex_15() (gas: 80518)
Logs:
  OUTCOME 15 panic:1

[PASS] test_cex_2() (gas: 35523)
Logs:
  OUTCOME 2 panic:1

[PASS] test_cex_3() (gas: 75391)
Logs:
  OUTCOME 3 panic:1

[PASS] test_cex_4() (gas: 35414)
Logs:
  OUTCOME 4 panic:1

[PASS] test_cex_5() (gas: 40452)
Logs:
  OUTCOME 5 panic:1

[PASS] test_cex_6() (gas: 51754)
Logs:
  OUTCOME 6 panic:1

[PASS] test_cex_7() (gas: 130815)
Logs:
  OUTCOME 7 panic:1

[PASS] test_cex_8() (gas: 36848)
Logs:
  OUTCOME 8 panic:1

[PASS] test_cex_9() (gas: 44870)
Logs:
  OUTCOME 9 panic:1

Suite result: ok. 16 passed; 0 failed; 0 skipped; finished in 2.11ms (4.97ms CPU time)

Ran 1 test suite in 9.39ms (2.11ms CPU time): 16 tests passed, 0 failed, 0 skipped (16 total tests)
