Unable to resolve imports:
      "lib/solmate/src/tokens/ERC20.sol" in "/home/manoel/projeto/hevm/src/mocks/Mocks.sol"
      "lib/openzeppelin-contracts/contracts/mocks/token/ERC20Mock.sol" in "/home/manoel/projeto/hevm/src/mocks/Mocks.sol"
      "lib/openzeppelin-contracts/contracts/mocks/token/ERC4626Mock.sol" in "/home/manoel/projeto/hevm/src/mocks/Mocks.sol"
      "lib/openzeppelin-contracts/contracts/token/ERC721/ERC721.sol" in "/home/manoel/projeto/hevm/src/mocks/Mocks.sol"
      "lib/solmate/src/tokens/ERC721.sol" in "/home/manoel/projeto/hevm/src/mocks/Mocks.sol"
      "lib/solmate/src/tokens/ERC4626.sol" in "/home/manoel/projeto/hevm/src/mocks/Mocks.sol"
      "lib/solmate/src/tokens/ERC1155.sol" in "/home/manoel/projeto/hevm/src/mocks/Mocks.sol"
      "lib/openzeppelin-contracts/contracts/token/ERC1155/ERC1155.sol" in "/home/manoel/projeto/hevm/src/mocks/Mocks.sol"
with remappings:
      @openzeppelin/contracts/=/home/manoel/projeto/hevm/lib/openzeppelin-contracts/contracts/
      ds-test/=/home/manoel/projeto/hevm/lib/solmate/lib/ds-test/src/
      erc4626-tests/=/home/manoel/projeto/hevm/lib/openzeppelin-contracts/lib/erc4626-tests/
      forge-std/=/home/manoel/projeto/hevm/lib/forge-std/src/
      halmos-cheatcodes/=/home/manoel/projeto/hevm/lib/openzeppelin-contracts/lib/halmos-cheatcodes/src/
      openzeppelin-contracts/=/home/manoel/projeto/hevm/lib/openzeppelin-contracts/contracts/
      solmate/=/home/manoel/projeto/hevm/lib/solmate/src/
Compiling 68 files with Solc 0.8.30
Solc 0.8.30 finished in 941.97ms
Compiler run successful!

Ran 9 tests for test/confirm/Confirm_ERC20_Solmate_Hevm.t.sol:Confirm_ERC20_Solmate_Hevm
[PASS] test_cex_0() (gas: 40107)
Logs:
  OUTCOME 0 success

[PASS] test_cex_1() (gas: 40066)
Logs:
  OUTCOME 1 success

[PASS] test_cex_2() (gas: 20022)
Logs:
  OUTCOME 2 success

[PASS] test_cex_3() (gas: 61036)
Logs:
  OUTCOME 3 success

[PASS] test_cex_4() (gas: 106969)
Logs:
  OUTCOME 4 panic:17

[PASS] test_cex_5() (gas: 26106)
Logs:
  OUTCOME 5 success

[PASS] test_cex_6() (gas: 32283)
Logs:
  OUTCOME 6 success

[PASS] test_cex_7() (gas: 68633)
Logs:
  OUTCOME 7 success

[PASS] test_cex_8() (gas: 21859)
Logs:
  OUTCOME 8 success

Suite result: ok. 9 passed; 0 failed; 0 skipped; finished in 1.42ms (1.69ms CPU time)

Ran 1 test suite in 10.29ms (1.42ms CPU time): 9 tests passed, 0 failed, 0 skipped (9 total tests)
