Unable to resolve imports:
      "lib/solmate/src/tokens/ERC20.sol" in "/home/manoel/projeto/hevm/src/mocks/Mocks.sol"
      "lib/openzeppelin-contracts/contracts/token/ERC721/ERC721.sol" in "/home/manoel/projeto/hevm/src/mocks/Mocks.sol"
      "lib/solmate/src/tokens/ERC4626.sol" in "/home/manoel/projeto/hevm/src/mocks/Mocks.sol"
      "lib/openzeppelin-contracts/contracts/mocks/token/ERC4626Mock.sol" in "/home/manoel/projeto/hevm/src/mocks/Mocks.sol"
      "lib/solmate/src/tokens/ERC721.sol" in "/home/manoel/projeto/hevm/src/mocks/Mocks.sol"
      "lib/openzeppelin-contracts/contracts/mocks/token/ERC20Mock.sol" in "/home/manoel/projeto/hevm/src/mocks/Mocks.sol"
      "lib/openzeppelin-contracts/contracts/token/ERC1155/ERC1155.sol" in "/home/manoel/projeto/hevm/src/mocks/Mocks.sol"
      "lib/solmate/src/tokens/ERC1155.sol" in "/home/manoel/projeto/hevm/src/mocks/Mocks.sol"
with remappings:
      @openzeppelin/contracts/=/home/manoel/projeto/hevm/lib/openzeppelin-contracts/contracts/
      ds-test/=/home/manoel/projeto/hevm/lib/solmate/lib/ds-test/src/
      erc4626-tests/=/home/manoel/projeto/hevm/lib/openzeppelin-contracts/lib/erc4626-tests/
      forge-std/=/home/manoel/projeto/hevm/lib/forge-std/src/
      halmos-cheatcodes/=/home/manoel/projeto/hevm/lib/openzeppelin-contracts/lib/halmos-cheatcodes/src/
      openzeppelin-contracts/=/home/manoel/projeto/hevm/lib/openzeppelin-contracts/contracts/
      solmate/=/home/manoel/projeto/hevm/lib/solmate/src/
Compiling 68 files with Solc 0.8.30
Solc 0.8.30 finished in 797.62ms
Compiler run successful!

Ran 1 test for test/confirm/Confirm_ERC1155_OpenZeppelin_Hevm.t.sol:Confirm_ERC1155_OpenZeppelin_Hevm
[PASS] test_cex_0() (gas: 26277)
Logs:
  OUTCOME 0 revert:0xe237d9220000000000000000000000001804c8ab1f12e6bbf3894d4083f33e07309d1f380000000000000000000000002e234dae75c793f67a35089c9d99245e1c58470b

Suite result: ok. 1 passed; 0 failed; 0 skipped; finished in 737.78µs (146.39µs CPU time)

Ran 1 test suite in 7.53ms (737.78µs CPU time): 1 tests passed, 0 failed, 0 skipped (1 total tests)
