Unable to resolve imports:
      "lib/openzeppelin-contracts/contracts/token/ERC1155/ERC1155.sol" in "/home/manoel/projeto/hevm/src/mocks/Mocks.sol"
      "lib/solmate/src/tokens/ERC4626.sol" in "/home/manoel/projeto/hevm/src/mocks/Mocks.sol"
      "lib/solmate/src/tokens/ERC1155.sol" in "/home/manoel/projeto/hevm/src/mocks/Mocks.sol"
      "lib/solmate/src/tokens/ERC20.sol" in "/home/manoel/projeto/hevm/src/mocks/Mocks.sol"
      "lib/openzeppelin-contracts/contracts/mocks/token/ERC20Mock.sol" in "/home/manoel/projeto/hevm/src/mocks/Mocks.sol"
      "lib/solmate/src/tokens/ERC721.sol" in "/home/manoel/projeto/hevm/src/mocks/Mocks.sol"
      "lib/openzeppelin-contracts/contracts/token/ERC721/ERC721.sol" in "/home/manoel/projeto/hevm/src/mocks/Mocks.sol"
      "lib/openzeppelin-contracts/contracts/mocks/token/ERC4626Mock.sol" in "/home/manoel/projeto/hevm/src/mocks/Mocks.sol"
with remappings:
      @openzeppelin/contracts/=/home/manoel/projeto/hevm/lib/openzeppelin-contracts/contracts/
      ds-test/=/home/manoel/projeto/hevm/lib/solmate/lib/ds-test/src/
      erc4626-tests/=/home/manoel/projeto/hevm/lib/openzeppelin-contracts/lib/erc4626-tests/
      forge-std/=/home/manoel/projeto/hevm/lib/forge-std/src/
      halmos-cheatcodes/=/home/manoel/projeto/hevm/lib/openzeppelin-contracts/lib/halmos-cheatcodes/src/
      openzeppelin-contracts/=/home/manoel/projeto/hevm/lib/openzeppelin-contracts/contracts/
      solmate/=/home/manoel/projeto/hevm/lib/solmate/src/
Compiling 68 files with Solc 0.8.30
Solc 0.8.30 finished in 951.57ms
Compiler run successful!

Ran 11 tests for test/confirm/Confirm_ERC20_Solmate_Halmos.t.sol:Confirm_ERC20_Solmate_Halmos
[PASS] test_cex_0() (gas: 54381)
Logs:
  OUTCOME 0 panic:1

[PASS] test_cex_1() (gas: 54426)
Logs:
  OUTCOME 1 panic:1

[PASS] test_cex_10() (gas: 36178)
Logs:
  OUTCOME 10 panic:1

[PASS] test_cex_2() (gas: 34467)
Logs:
  OUTCOME 2 panic:1

[PASS] test_cex_3() (gas: 34471)
Logs:
  OUTCOME 3 panic:1

[PASS] test_cex_4() (gas: 75464)
Logs:
  OUTCOME 4 panic:1

[PASS] test_cex_5() (gas: 130003)
Logs:
  OUTCOME 5 panic:1

[PASS] test_cex_6() (gas: 130565)
Logs:
  OUTCOME 6 panic:1

[PASS] test_cex_7() (gas: 40507)
Logs:
  OUTCOME 7 panic:1

[PASS] test_cex_8() (gas: 46730)
Logs:
  OUTCOME 8 panic:1

[PASS] test_cex_9() (gas: 102917)
Logs:
  OUTCOME 9 panic:1

Suite result: ok. 11 passed; 0 failed; 0 skipped; finished in 1.52ms (3.07ms CPU time)

Ran 1 test suite in 8.96ms (1.52ms CPU time): 11 tests passed, 0 failed, 0 skipped (11 total tests)
