Checking 46 function(s) in contract test/hevm/subjects/ERC4626_OpenZeppelin_Hevm.t.sol:ERC4626_OpenZeppelin_Hevm
[96m[RUNNING][0m proveFail_withdrawWithMSGSenderEqualsOwner(address,address,uint256,uint256,address,address)
   [31m[FAIL][0m proveFail_withdrawWithMSGSenderEqualsOwner
   [33m[WARNING][0m hevm was only able to partially explore the test proveFail_withdrawWithMSGSenderEqualsOwner due to: 
      16x -> Max iterations reached in file "src/mocks/Mocks.sol" on line 20 : "contract OpenZeppelinERC20 is OZERC20Mock {}"

[96m[RUNNING][0m prove_mint_increases_balance(address,uint256)
   [32m[PASS][0m prove_mint_increases_balance

[96m[RUNNING][0m proveFail_mintWithMSGSenderEqualsThis(uint256,address)
   Counterexample:   [90m[validated][0m
     calldata: proveFail_mintWithMSGSenderEqualsThis(1,0x000000000000000000000000000000000000001a)
     result:   Successful execution
   [31m[FAIL][0m proveFail_mintWithMSGSenderEqualsThis

[96m[RUNNING][0m prove_previewRedeem_lte_redeem(address,uint256)
   [31m[FAIL][0m prove_previewRedeem_lte_redeem
   [33m[WARNING][0m prove_previewRedeem_lte_redeem all branches reverted

   [33m[WARNING][0m hevm was only able to partially explore the test prove_previewRedeem_lte_redeem due to: 
      4x -> Max iterations reached in file "src/mocks/Mocks.sol" on line 20 : "contract OpenZeppelinERC20 is OZERC20Mock {}"

[96m[RUNNING][0m proveFail_redeemWithReceiverEqualsThis(address,address,uint256,uint256,address,address)
   [31m[FAIL][0m proveFail_redeemWithReceiverEqualsThis
   [33m[WARNING][0m hevm was only able to partially explore the test proveFail_redeemWithReceiverEqualsThis due to: 
      12x -> SMT solver says: Unable to parse SMT solver output (maybe it got killed?): (error "out of memory")

[96m[RUNNING][0m proveFail_withdrawWithOwnerEqualsReceiver(address,address,uint256,uint256,address,address)
   [31m[FAIL][0m proveFail_withdrawWithOwnerEqualsReceiver
   [33m[WARNING][0m hevm was only able to partially explore the test proveFail_withdrawWithOwnerEqualsReceiver due to: 
      16x -> Max iterations reached in file "src/mocks/Mocks.sol" on line 20 : "contract OpenZeppelinERC20 is OZERC20Mock {}"

[96m[RUNNING][0m proveFail_mintWithReceiverAsThis(address,address,uint256,uint256,address)
   [31m[FAIL][0m proveFail_mintWithReceiverAsThis
   [33m[WARNING][0m hevm was only able to partially explore the test proveFail_mintWithReceiverAsThis due to: 
      4x -> SMT solver says: Unable to parse SMT solver output (maybe it got killed?): (error "out of memory")

[96m[RUNNING][0m proveFail_transferFrom_insufficient_balance_reverts(address,address,address,uint256,uint256)
   [32m[PASS][0m proveFail_transferFrom_insufficient_balance_reverts

[96m[RUNNING][0m prove_convertToShares_rounds_down_towards_0(uint256,uint256)
   [31m[FAIL][0m prove_convertToShares_rounds_down_towards_0
   [33m[WARNING][0m prove_convertToShares_rounds_down_towards_0 all branches reverted

   [33m[WARNING][0m hevm was only able to partially explore the test prove_convertToShares_rounds_down_towards_0 due to: 
      8x -> Max iterations reached in file "src/mocks/Mocks.sol" on line 20 : "contract OpenZeppelinERC20 is OZERC20Mock {}"

[96m[RUNNING][0m proveFail_transfer_insufficient_balance_reverts(address,address,uint256,uint256)
   [32m[PASS][0m proveFail_transfer_insufficient_balance_reverts

[96m[RUNNING][0m proveFail_transfer_from_zero_address_reverts(address,uint256)
   [32m[PASS][0m proveFail_transfer_from_zero_address_reverts

[96m[RUNNING][0m proveFail_depositWithMSGSenderEqualsThis(address,uint256,uint256,address)
   [31m[FAIL][0m proveFail_depositWithMSGSenderEqualsThis
   [33m[WARNING][0m hevm was only able to partially explore the test proveFail_depositWithMSGSenderEqualsThis due to: 
      2x -> SMT solver says: Unable to parse SMT solver output (maybe it got killed?): (error "out of memory")

[96m[RUNNING][0m proveFail_mintWithAmountLessThanShares(address,address,uint256,uint256,address)
   [32m[PASS][0m proveFail_mintWithAmountLessThanShares

[96m[RUNNING][0m prove_transfer_updates_balances(address,address,uint256)
   [31m[FAIL][0m prove_transfer_updates_balances
   [33m[WARNING][0m prove_transfer_updates_balances all branches reverted

   [33m[WARNING][0m hevm was only able to partially explore the test prove_transfer_updates_balances due to: 
      4x -> Max iterations reached at addr: LitAddr 0x6eecb916B78765D6B277bFf328684Db91f4f6A5D at pc: 11

[96m[RUNNING][0m prove_approvesets_allowance(address,address,uint256)
   [32m[PASS][0m prove_approvesets_allowance

[96m[RUNNING][0m proveFail_mint_overflow_reverts(address)
   [32m[PASS][0m proveFail_mint_overflow_reverts

[96m[RUNNING][0m prove_integrity_of_redeem()
   [31m[FAIL][0m prove_integrity_of_redeem
   [33m[WARNING][0m prove_integrity_of_redeem all branches reverted

   [33m[WARNING][0m hevm was only able to partially explore the test prove_integrity_of_redeem due to: 
      2x -> Max iterations reached in file "src/mocks/Mocks.sol" on line 20 : "contract OpenZeppelinERC20 is OZERC20Mock {}"

[96m[RUNNING][0m proveFail_withdrawWithReceiverEqualsThis(address,address,uint256,uint256,address,address)
   [31m[FAIL][0m proveFail_withdrawWithReceiverEqualsThis
   [33m[WARNING][0m hevm was only able to partially explore the test proveFail_withdrawWithReceiverEqualsThis due to: 
      16x -> Max iterations reached in file "src/mocks/Mocks.sol" on line 20 : "contract OpenZeppelinERC20 is OZERC20Mock {}"

[96m[RUNNING][0m prove_previewDepositRelationToDeposit(uint256,address)
   [32m[PASS][0m prove_previewDepositRelationToDeposit

[96m[RUNNING][0m prove_convertToAssets_rounds_down_towards_0(uint256)
   [31m[FAIL][0m prove_convertToAssets_rounds_down_towards_0
   [33m[WARNING][0m prove_convertToAssets_rounds_down_towards_0 all branches reverted

   [33m[WARNING][0m hevm was only able to partially explore the test prove_convertToAssets_rounds_down_towards_0 due to: 
      6x -> Max iterations reached in file "src/mocks/Mocks.sol" on line 20 : "contract OpenZeppelinERC20 is OZERC20Mock {}"

[96m[RUNNING][0m prove_approveoverwrites_allowance(address,address,uint256,uint256)
   [32m[PASS][0m prove_approveoverwrites_allowance

[96m[RUNNING][0m prove_share_price_maintained_after_mint(uint256,address)
   [31m[FAIL][0m prove_share_price_maintained_after_mint
   [33m[WARNING][0m prove_share_price_maintained_after_mint all branches reverted

   [33m[WARNING][0m hevm was only able to partially explore the test prove_share_price_maintained_after_mint due to: 
      8x -> Max iterations reached in file "src/mocks/Mocks.sol" on line 20 : "contract OpenZeppelinERC20 is OZERC20Mock {}"

[96m[RUNNING][0m proveFail_burn_from_zero_address_reverts(uint256)
   [32m[PASS][0m proveFail_burn_from_zero_address_reverts

[96m[RUNNING][0m proveFail_withdrawWithMSGSenderEqualsThis(address,address,uint256,uint256,address,address)
   [31m[FAIL][0m proveFail_withdrawWithMSGSenderEqualsThis
   [33m[WARNING][0m hevm was only able to partially explore the test proveFail_withdrawWithMSGSenderEqualsThis due to: 
      16x -> Max iterations reached in file "src/mocks/Mocks.sol" on line 20 : "contract OpenZeppelinERC20 is OZERC20Mock {}"

[96m[RUNNING][0m proveFail_withdrawWithOwnerEqualsThis(address,address,uint256,uint256,address,address)
   [31m[FAIL][0m proveFail_withdrawWithOwnerEqualsThis
   [33m[WARNING][0m hevm was only able to partially explore the test proveFail_withdrawWithOwnerEqualsThis due to: 
      16x -> Max iterations reached in file "src/mocks/Mocks.sol" on line 20 : "contract OpenZeppelinERC20 is OZERC20Mock {}"

[96m[RUNNING][0m proveFail_depositWithReceiverEqualsThis(address,address,uint256,uint256,address)
   [31m[FAIL][0m proveFail_depositWithReceiverEqualsThis
   [33m[WARNING][0m hevm was only able to partially explore the test proveFail_depositWithReceiverEqualsThis due to: 
      2x -> SMT solver says: Unable to parse SMT solver output (maybe it got killed?): (error "out of memory")

[96m[RUNNING][0m proveFail_burn_exceeds_balance_reverts(address,uint256)
   [32m[PASS][0m proveFail_burn_exceeds_balance_reverts

[96m[RUNNING][0m proveFail_withdrawWithAmountLessThanAssets(address,address,uint256,uint256,address,address)
   [31m[FAIL][0m proveFail_withdrawWithAmountLessThanAssets
   [33m[WARNING][0m hevm was only able to partially explore the test proveFail_withdrawWithAmountLessThanAssets due to: 
      16x -> Max iterations reached in file "src/mocks/Mocks.sol" on line 20 : "contract OpenZeppelinERC20 is OZERC20Mock {}"

[96m[RUNNING][0m proveFail_transferFrom_insufficient_allowance_reverts(address,address,address,uint256)
   [32m[PASS][0m proveFail_transferFrom_insufficient_allowance_reverts

[96m[RUNNING][0m prove_maxDeposit_returns_correct_value(address)
   [32m[PASS][0m prove_maxDeposit_returns_correct_value

[96m[RUNNING][0m proveFail_mint_to_zero_address_reverts(uint256)
   [32m[PASS][0m proveFail_mint_to_zero_address_reverts

[96m[RUNNING][0m proveFail_redeemWithAmountLessThanShares(address,address,uint256,uint256,address,address)
   [31m[FAIL][0m proveFail_redeemWithAmountLessThanShares
   [33m[WARNING][0m hevm was only able to partially explore the test proveFail_redeemWithAmountLessThanShares due to: 
      12x -> SMT solver says: Unable to parse SMT solver output (maybe it got killed?): (error "out of memory")

[96m[RUNNING][0m proveFail_redeemWithMSGSenderEqualsThis(address,address,uint256,uint256,address,address)
   [31m[FAIL][0m proveFail_redeemWithMSGSenderEqualsThis
   [33m[WARNING][0m hevm was only able to partially explore the test proveFail_redeemWithMSGSenderEqualsThis due to: 
      12x -> SMT solver says: Unable to parse SMT solver output (maybe it got killed?): (error "out of memory")

[96m[RUNNING][0m prove_convertToShares_gte_previewDeposit(uint256,uint256)
   [31m[FAIL][0m prove_convertToShares_gte_previewDeposit
   [33m[WARNING][0m prove_convertToShares_gte_previewDeposit all branches reverted

   [33m[WARNING][0m hevm was only able to partially explore the test prove_convertToShares_gte_previewDeposit due to: 
      8x -> Max iterations reached in file "src/mocks/Mocks.sol" on line 20 : "contract OpenZeppelinERC20 is OZERC20Mock {}"

[96m[RUNNING][0m proveFail_depositWithAmountLessThanAssets(address,address,uint256,uint256,address)
   [31m[FAIL][0m proveFail_depositWithAmountLessThanAssets
   [33m[WARNING][0m hevm was only able to partially explore the test proveFail_depositWithAmountLessThanAssets due to: 
      2x -> SMT solver says: Unable to parse SMT solver output (maybe it got killed?): (error "out of memory")

[96m[RUNNING][0m prove_integrity_of_deposit(uint256,address)
   [31m[FAIL][0m prove_integrity_of_deposit
   [33m[WARNING][0m prove_integrity_of_deposit all branches reverted

   [33m[WARNING][0m hevm was only able to partially explore the test prove_integrity_of_deposit due to: 
      8x -> Max iterations reached in file "src/mocks/Mocks.sol" on line 20 : "contract OpenZeppelinERC20 is OZERC20Mock {}"

[96m[RUNNING][0m prove_integrity_of_withdraw()
   [31m[FAIL][0m prove_integrity_of_withdraw
   No reachable assertion violations, but all branches reverted

[96m[RUNNING][0m proveFail_approvefrom_zero_address_reverts(address,uint256)
   [32m[PASS][0m proveFail_approvefrom_zero_address_reverts

[96m[RUNNING][0m prove_maxMint_returns_correct_value(address)
   [32m[PASS][0m prove_maxMint_returns_correct_value

[96m[RUNNING][0m proveFail_approvezero_address_reverts(address,uint256)
   [32m[PASS][0m proveFail_approvezero_address_reverts

[96m[RUNNING][0m prove_burn_decreases_balance(address,uint256)
   [32m[PASS][0m prove_burn_decreases_balance

[96m[RUNNING][0m proveFail_transferFrom_from_zero_address_reverts(address,address,uint256)
   [32m[PASS][0m proveFail_transferFrom_from_zero_address_reverts

[96m[RUNNING][0m proveFail_transfer_to_zero_address_reverts(address,uint256)
   [32m[PASS][0m proveFail_transfer_to_zero_address_reverts

[96m[RUNNING][0m prove_convertToAssets_lte_previewMint(uint256)
   [31m[FAIL][0m prove_convertToAssets_lte_previewMint
   [33m[WARNING][0m prove_convertToAssets_lte_previewMint all branches reverted

   [33m[WARNING][0m hevm was only able to partially explore the test prove_convertToAssets_lte_previewMint due to: 
      6x -> Max iterations reached in file "src/mocks/Mocks.sol" on line 20 : "contract OpenZeppelinERC20 is OZERC20Mock {}"

[96m[RUNNING][0m proveFail_transferFrom_to_zero_address_reverts(address,address,uint256)
   [32m[PASS][0m proveFail_transferFrom_to_zero_address_reverts

[96m[RUNNING][0m prove_transferFrom_updates_balances(address,address,address,uint256)
   [31m[FAIL][0m prove_transferFrom_updates_balances
   [33m[WARNING][0m prove_transferFrom_updates_balances all branches reverted

   [33m[WARNING][0m hevm was only able to partially explore the test prove_transferFrom_updates_balances due to: 
      8x -> Max iterations reached at addr: LitAddr 0x6eecb916B78765D6B277bFf328684Db91f4f6A5D at pc: 11

